// Jest Snapshot v1, https://goo.gl/fbAQLP

exports[`Index Page when a search is performed without a search term should render as expected 1`] = `
<div class="container">
  <div class="attrs-fix">
    <div class="input textfield-container"><label for="search-textfield" class="input__label sr-only">
        Search Term
      </label>
      <div tabindex="0" class="textfield rounded-lg h-14 bg-indigo-600 text-white"><span class="textfield__left"><svg xmlns="http://www.w3.org/2000/svg" fill="none" viewBox="0 0 24 24" stroke="currentColor" class="text-4xl w-6"><path stroke-linecap="round" stroke-linejoin="round" stroke-width="2" d="M21 21l-6-6m2-5a7 7 0 11-14 0 7 7 0 0114 0z"></path></svg></span> <input placeholder="Search" name="Search Term" type="search" id="search-textfield" class="textfield__input placeholder-indigo-50"></div>
      <!---->
      <!---->
    </div>
  </div>
  <div>

  </div>
</div>
`;

exports[`Index Page when the search term container is focused should render as expected 1`] = `
<div class="container">
  <div class="attrs-fix">
    <div class="input textfield-container"><label for="search-textfield" class="input__label sr-only">
        Search Term
      </label>
      <div tabindex="0" class="textfield rounded-lg h-14 bg-indigo-600 text-white ring-4 ring-indigo-300"><span class="textfield__left"><svg xmlns="http://www.w3.org/2000/svg" fill="none" viewBox="0 0 24 24" stroke="currentColor" class="text-4xl w-6"><path stroke-linecap="round" stroke-linejoin="round" stroke-width="2" d="M21 21l-6-6m2-5a7 7 0 11-14 0 7 7 0 0114 0z"></path></svg></span> <input placeholder="Search" name="Search Term" type="search" id="search-textfield" class="textfield__input placeholder-indigo-50"></div>
      <!---->
      <!---->
    </div>
  </div>
  <div>

  </div>
</div>
`;

exports[`Index Page when the search term container is not focused and there are no search errors should render as expected 1`] = `
<div class="container">
  <div class="attrs-fix">
    <div class="input textfield-container"><label for="search-textfield" class="input__label sr-only">
        Search Term
      </label>
      <div tabindex="0" class="textfield rounded-lg h-14 bg-indigo-600 text-white"><span class="textfield__left"><svg xmlns="http://www.w3.org/2000/svg" fill="none" viewBox="0 0 24 24" stroke="currentColor" class="text-4xl w-6"><path stroke-linecap="round" stroke-linejoin="round" stroke-width="2" d="M21 21l-6-6m2-5a7 7 0 11-14 0 7 7 0 0114 0z"></path></svg></span> <input placeholder="Search" name="Search Term" type="search" id="search-textfield" class="textfield__input placeholder-indigo-50"></div>
      <!---->
      <!---->
    </div>
  </div>
  <div>

  </div>
</div>
`;

exports[`Index Page when the search term input is not focused and there are no errors should render as expected 1`] = `
<div class="container">
  <div class="attrs-fix">
    <div class="input textfield-container"><label for="search-textfield" class="input__label sr-only">
        Search Term
      </label>
      <div tabindex="0" class="textfield rounded-lg h-14 bg-indigo-600 text-white"><span class="textfield__left"><svg xmlns="http://www.w3.org/2000/svg" fill="none" viewBox="0 0 24 24" stroke="currentColor" class="text-4xl w-6"><path stroke-linecap="round" stroke-linejoin="round" stroke-width="2" d="M21 21l-6-6m2-5a7 7 0 11-14 0 7 7 0 0114 0z"></path></svg></span> <input placeholder="Search" name="Search Term" type="search" id="search-textfield" class="textfield__input placeholder-indigo-50"></div>
      <!---->
      <!---->
    </div>
  </div>
  <div>

  </div>
</div>
`;
